// Jest Snapshot v1, https://goo.gl/fbAQLP

exports[`smp.deleteSubmissionDone 1`] = `
Object {
  "payload": Promise {},
  "type": "SMP/DELETE_SUBMISSION_DONE",
}
`;
